[www.mineimator.com/index.html]
[backblue.gif]
[fade.gif]
[index.html]
[www.mineimator.com/images/logo.png]
[www.mineimator.com/images/favicon.png]
[www.mineimator.com/css/site.css]
[apis.google.com/js/plusone.js]
[www.stuffbydavid.com/js/jquery.js]
[www.stuffbydavid.com/js/jquery.ui.js]
[www.stuffbydavid.com/js/preload.js]
[www.stuffbydavid.com/js/visit.js]
[www.mineimator.com/js/site.js]
[www.mineimator.com/js/showcase.js]
[www.mineimator.com/css/showcase.css]
[www.mineimator.com/css/index.css]
[www.mineimator.com/images/index_head_logo.png]
[www.mineimator.com/images/index_head_dragon.png]
[www.mineimator.com/images/index_head_ghast.png]
[www.mineimator.com/images/index_head_program.jpg]
[www.mineimator.com/images/index_head_front.png]
[connect.facebook.net/en_US/sdk.js]
[www.mineimator.com/images/frame1.png]
[www.mineimator.com/images/frame2.png]
[www.mineimator.com/js/twitter.js]
[www.mineimator.com/images/frame3.png]
[www.mineimator.com/download.html]
[www.mineimator.com/showcase.html]
[www.mineimator.com/upgrade.html]
[www.mineimator.com/index.html]
[www.mineimator.com/images/sky.png]
[www.mineimator.com/images/shadow.png]
[www.mineimator.com/images/stone.jpg]
[www.mineimator.com/css/site.css]
[www.mineimator.com/images/wood.png]
[www.mineimator.com/images/prev.png]
[www.mineimator.com/images/next.png]
[www.mineimator.com/css/showcase.css]
[www.mineimator.com/images/index_download.png]
[www.mineimator.com/images/index_download_hover.png]
[www.mineimator.com/images/index_link_showcase.png]
[www.mineimator.com/images/index_link_showcase_hover.png]
[www.mineimator.com/images/index_link_forums.png]
[www.mineimator.com/images/index_link_forums_hover.png]
[www.mineimator.com/images/index_link_upgrade.png]
[www.mineimator.com/images/index_link_upgrade_hover.png]
[www.mineimator.com/images/index_link_back.png]
[www.mineimator.com/images/index_link_back_hover.png]
[www.mineimator.com/images/index_link_full_showcase.png]
[www.mineimator.com/images/index_link_full_showcase_hover.png]
[www.mineimator.com/css/index.css]
[connect.facebook.net/en_US/sdk.js]
[www.mineimator.com/images/page_logo.png]
[www.mineimator.com/css/download.css]
[www.mineimator.com/download.html]
[www.mineimator.com/showcase.html]
[www.mineimator.com/js/upgrade.js]
[www.mineimator.com/css/upgrade.css]
[www.mineimator.com/images/watermark_trial.png]
[www.mineimator.com/images/watermark_full.png]
[www.mineimator.com/upgrade.html]
[www.mineimator.com/images/download_installer.png]
[www.mineimator.com/images/download_installer_hover.png]
[www.mineimator.com/images/download_archive.png]
[www.mineimator.com/images/download_archive_hover.png]
[www.mineimator.com/images/download_macos.png]
[www.mineimator.com/images/download_macos_hover.png]
[www.mineimator.com/images/download_package.png]
[www.mineimator.com/images/download_package_hover.png]
[www.mineimator.com/css/download.css]
[www.mineimator.com/images/check.png]
[www.mineimator.com/images/upgrade_dec.png]
[www.mineimator.com/images/upgrade_dec_hover.png]
[www.mineimator.com/images/upgrade_inc.png]
[www.mineimator.com/images/upgrade_inc_hover.png]
[www.mineimator.com/images/upgrade_get_key_donate.png]
[www.mineimator.com/images/upgrade_get_key_donate_hover.png]
[www.mineimator.com/images/upgrade_get_key.png]
[www.mineimator.com/images/upgrade_get_key_hover.png]
[www.mineimator.com/css/upgrade.css]
